CCS PCM C Compiler, Version 4.104, 5967               29-Nov-23 17:11

               Filename: D:\UNIVERSITY\NAM_4_2023_2024\HKI\DA_KTDK\CODE_TEST\ADC\ADC.lst

               ROM used: 805 words (10%)
                         Largest free fragment is 2048
               RAM used: 14 (4%) at main() level
                         38 (10%) worst case
               Stack:    6 locations

*
0000:  MOVLW  02
0001:  MOVWF  0A
0002:  GOTO   2C4
0003:  NOP
.................... #include <16F887.h> 
.................... //////// Standard Header file for the PIC16F887 device //////////////// 
.................... #device PIC16F887 
.................... #list 
....................  
.................... #include <def_887.h> 
.................... // register definitions 
....................  
.................... #define W 0 
.................... #define F 1 
....................  
.................... // register files 
.................... #byte INDF          =0x00 
.................... #byte TMR0          =0x01 
.................... #byte PCL           =0x02 
.................... #byte STATUS        =0x03 
.................... #byte FSR           =0x04 
.................... #byte PORTA         =0x05 
.................... #byte PORTB         =0x06 
.................... #byte PORTC         =0x07 
.................... #byte PORTD         =0x08 
.................... #byte PORTE         =0x09 
....................  
.................... #byte EEDATA        =0x10C 
.................... #byte EEADR         =0x10D 
.................... #byte EEDATH        =0x10E 
.................... #byte EEADRH         =0x10F 
.................... #byte ADCON0     =0x1F 
.................... #byte ADCON1     =0x9F 
.................... #byte ADRESH     =0x9F 
.................... #byte ADSESL     =0x9F 
....................  
.................... #byte PCLATH        =0x0a 
.................... #byte INTCON        =0x0b 
.................... #byte PIR1    =0x0c 
.................... #byte PIR2    =0x0d 
.................... #byte PIE1    =0x8c 
.................... #byte PIE2    =0x8d 
....................  
.................... #byte OPTION_REG    =0x81 
.................... #byte TRISA         =0x85 
.................... #byte TRISB         =0x86 
.................... #byte TRISC         =0x87 
.................... #byte TRISD         =0x88 
.................... #byte TRISE         =0x89 
....................  
.................... #byte EECON1        =0x18C 
.................... #byte EECON2        =0x18D 
....................  
.................... //DINH NGHIA BIT 
.................... #bit ra5   =0x05.5 
.................... #bit ra4   =0x05.4 
.................... #bit ra3   =0x05.3 
.................... #bit ra2   =0x05.2 
.................... #bit ra1   =0x05.1 
.................... #bit ra0   =0x05.0 
....................  
.................... #bit rb7   =0x06.7 
.................... #bit rb6   =0x06.6 
.................... #bit rb5   =0x06.5 
.................... #bit rb4   =0x06.4 
.................... #bit rb3   =0x06.3 
.................... #bit rb2   =0x06.2 
.................... #bit rb1   =0x06.1 
.................... #bit rb0   =0x06.0 
....................  
.................... #bit rC7   =0x07.7 
.................... #bit rC6   =0x07.6 
.................... #bit rC5   =0x07.5 
.................... #bit rC4   =0x07.4 
.................... #bit rC3   =0x07.3 
.................... #bit rC2   =0x07.2 
.................... #bit rC1   =0x07.1 
.................... #bit rC0   =0x07.0 
....................  
.................... #bit rD7   =0x08.7 
.................... #bit rD6   =0x08.6 
.................... #bit rD5   =0x08.5 
.................... #bit rD4   =0x08.4 
.................... #bit rD3   =0x08.3 
.................... #bit rD2   =0x08.2 
.................... #bit rD1   =0x08.1 
.................... #bit rD0   =0x08.0 
....................  
.................... #bit rE2   =0x09.2 
.................... #bit rE1   =0x09.1 
.................... #bit rE0   =0x09.0 
....................  
....................  
.................... #bit trisa5   =0x85.5 
.................... #bit trisa4   =0x85.4 
.................... #bit trisa3   =0x85.3 
.................... #bit trisa2   =0x85.2 
.................... #bit trisa1   =0x85.1 
.................... #bit trisa0   =0x85.0 
....................  
.................... #bit trisb7   =0x86.7 
.................... #bit trisb6   =0x86.6 
.................... #bit trisb5   =0x86.5 
.................... #bit trisb4   =0x86.4 
.................... #bit trisb3   =0x86.3 
.................... #bit trisb2   =0x86.2 
.................... #bit trisb1   =0x86.1 
.................... #bit trisb0   =0x86.0 
....................  
.................... #bit trisc7   =0x87.7 
.................... #bit trisc6   =0x87.6 
.................... #bit trisc5   =0x87.5 
.................... #bit trisc4   =0x87.4 
.................... #bit trisc3   =0x87.3 
.................... #bit trisc2   =0x87.2 
.................... #bit trisc1   =0x87.1 
.................... #bit trisc0   =0x87.0 
....................  
.................... #bit trisd7   =0x88.7 
.................... #bit trisd6   =0x88.6 
.................... #bit trisd5   =0x88.5 
.................... #bit trisd4   =0x88.4 
.................... #bit trisd3   =0x88.3 
.................... #bit trisd2   =0x88.2 
.................... #bit trisd1   =0x88.1 
.................... #bit trisd0   =0x88.0 
....................  
.................... #bit trise2   =0x89.2 
.................... #bit trise1   =0x89.1 
.................... #bit trise0   =0x89.0 
....................  
.................... // INTCON Bits for C 
.................... #bit gie    = 0x0b.7 
.................... #bit peie = 0x0b.6 
.................... #bit tmr0ie = 0x0b.5 
.................... #bit int0ie = 0x0b.4 
.................... #bit rbie   = 0x0b.3 
.................... #bit tmr0if    = 0x0b.2 
.................... #bit int0if    = 0x0b.1 
.................... #bit rbif    = 0x0b.0 
....................  
.................... // PIR1 for C 
.................... #bit pspif  = 0x0c.7 
.................... #bit adif    = 0x0c.6 
.................... #bit rcif    = 0x0c.5 
.................... #bit txif    = 0x0c.4 
.................... #bit sspif    = 0x0c.3 
.................... #bit ccp1if    = 0x0c.2 
.................... #bit tmr2if    = 0x0c.1 
.................... #bit tmr1if    = 0x0c.0 
....................  
.................... //PIR2 for C 
.................... #bit cmif    = 0x0d.6 
.................... #bit eeif    = 0x0d.4 
.................... #bit bclif  = 0x0d.3 
.................... #bit ccp2if    = 0x0d.0 
....................  
.................... // PIE1 for C 
.................... #bit adie    = 0x8c.6 
.................... #bit rcie    = 0x8c.5 
.................... #bit txie    = 0x8c.4 
.................... #bit sspie    = 0x8c.3 
.................... #bit ccp1ie    = 0x8c.2 
.................... #bit tmr2ie    = 0x8c.1 
.................... #bit tmr1ie    = 0x8c.0 
....................  
.................... //PIE2 for C 
.................... #bit osfie    = 0x8d.7 
.................... #bit cmie    = 0x8d.6 
.................... #bit eeie   = 0x8d.4 
....................  
.................... // OPTION Bits 
.................... #bit not_rbpu   = 0x81.7 
.................... #bit intedg     = 0x81.6 
.................... #bit t0cs       = 0x81.5 
.................... #bit t0se       = 0x81.4 
.................... #bit psa        = 0x81.3 
.................... #bit ps2        = 0x81.2 
.................... #bit ps1        = 0x81.1 
.................... #bit ps0        = 0x81.0 
....................  
.................... // EECON1 Bits 
.................... #bit eepgd   = 0x18c.7 
.................... #bit free      = 0x18C.4 
.................... #bit wrerr     = 0x18C.3 
.................... #bit wren       = 0x18C.2 
.................... #bit wr         = 0x18C.1 
.................... #bit rd         = 0x18C.0 
....................  
.................... //ADCON0 
.................... #bit CHS0    =0x1F.3 
.................... #bit CHS1    =0x1F.4 
.................... #bit CHS2    =0x1F.5 
....................  
.................... #device *=16 ADC=10 //Khai bao dung bo ADC 10bit 
.................... #fuses HS,NOWDT,NOPROTECT,NOLVP 
.................... #use delay(clock=20000000) 
*
0012:  MOVLW  33
0013:  MOVWF  04
0014:  BCF    03.7
0015:  MOVF   00,W
0016:  BTFSC  03.2
0017:  GOTO   025
0018:  MOVLW  06
0019:  MOVWF  78
001A:  CLRF   77
001B:  DECFSZ 77,F
001C:  GOTO   01B
001D:  DECFSZ 78,F
001E:  GOTO   01A
001F:  MOVLW  7B
0020:  MOVWF  77
0021:  DECFSZ 77,F
0022:  GOTO   021
0023:  DECFSZ 00,F
0024:  GOTO   018
0025:  RETURN
.................... #use i2c(Master,Fast=100000, sda=PIN_C4, scl=PIN_C3,force_sw) 
0026:  MOVLW  08
0027:  MOVWF  78
0028:  MOVLW  04
0029:  MOVWF  77
002A:  DECFSZ 77,F
002B:  GOTO   02A
002C:  BCF    07.3
002D:  BCF    20.3
002E:  MOVF   20,W
002F:  BSF    03.5
0030:  MOVWF  07
0031:  MOVLW  03
0032:  MOVWF  77
0033:  DECFSZ 77,F
0034:  GOTO   033
0035:  BCF    03.5
0036:  RLF    40,F
0037:  BCF    07.4
0038:  BTFSS  03.0
0039:  GOTO   040
003A:  BSF    20.4
003B:  MOVF   20,W
003C:  BSF    03.5
003D:  MOVWF  07
003E:  GOTO   044
003F:  BCF    03.5
0040:  BCF    20.4
0041:  MOVF   20,W
0042:  BSF    03.5
0043:  MOVWF  07
0044:  NOP
0045:  BCF    03.5
0046:  BSF    20.3
0047:  MOVF   20,W
0048:  BSF    03.5
0049:  MOVWF  07
004A:  BCF    03.5
004B:  BTFSS  07.3
004C:  GOTO   04B
004D:  DECFSZ 78,F
004E:  GOTO   028
004F:  MOVLW  04
0050:  MOVWF  77
0051:  DECFSZ 77,F
0052:  GOTO   051
0053:  BCF    07.3
0054:  BCF    20.3
0055:  MOVF   20,W
0056:  BSF    03.5
0057:  MOVWF  07
0058:  NOP
0059:  BCF    03.5
005A:  BSF    20.4
005B:  MOVF   20,W
005C:  BSF    03.5
005D:  MOVWF  07
005E:  MOVLW  03
005F:  MOVWF  77
0060:  DECFSZ 77,F
0061:  GOTO   060
0062:  MOVLW  03
0063:  MOVWF  77
0064:  DECFSZ 77,F
0065:  GOTO   064
0066:  BCF    03.5
0067:  BSF    20.3
0068:  MOVF   20,W
0069:  BSF    03.5
006A:  MOVWF  07
006B:  BCF    03.5
006C:  BTFSS  07.3
006D:  GOTO   06C
006E:  CLRF   78
006F:  MOVLW  03
0070:  MOVWF  77
0071:  DECFSZ 77,F
0072:  GOTO   071
0073:  BTFSC  07.4
0074:  BSF    78.0
0075:  BCF    07.3
0076:  BCF    20.3
0077:  MOVF   20,W
0078:  BSF    03.5
0079:  MOVWF  07
007A:  BCF    03.5
007B:  BCF    07.4
007C:  BCF    20.4
007D:  MOVF   20,W
007E:  BSF    03.5
007F:  MOVWF  07
0080:  BCF    03.5
0081:  RETURN
.................... #include <i2c_Flex_LCD.c> 
.................... //-----------------------------------------------------------------------------  
.................... // Title:         i2c_Flex_LCD  
.................... // Description:   Driver for common LCD with 1/2/3 or 4 rows by 1...20 columns  
.................... //                using PCF8574T interface board with I2C protocol.  
.................... // Date:          Nov-2013  
.................... // Ver.Rev.:      1.1  
.................... // Author:        Hugo Silva (sergio-hugo@bol.com.br) #Based on the routines of  
.................... //                "20X4_LCD_I2C_DRIVER.h" from Pumrin S. and "lcd4_i2c.c" from XP8100  
.................... //-----------------------------------------------------------------------------  
.................... //  
.................... // lcd_init() Must be called before any other function.  
.................... //  
.................... // lcd_putc(c) Will display c on the next position of the LCD.  
.................... //   
.................... //     \f Clear LCD display  
.................... //     \n Set write position on next lcd line  
.................... //     \b LCD backspace  
.................... //     lcd_gotoxy(x,y) Set write position on LCD (upper left is 1,1)  
.................... //  
.................... // lcd_backlight_led(ON)/lcd_backlight_led(OFF) = Turn ON/OFF LCD Backlight LED  
.................... //  
.................... //-----------------------------------------------------------------------------  
.................... // LCD pins D0-D3 are not used.  
.................... //-----------------------------------------------------------------------------  
.................... //  
.................... // Comment   : Control of a compatible LCD (1...4 rows by 1...4 columns) from  
.................... //              a bus I2C with an EXPANDER of I/O with connection I2C.  
.................... //              The tests of these routines have been programmed using the IC  
.................... //              Phillips PCF8574T. I've used 4 bits mode programming.  
.................... //              The 8 bits mode programming is possible if you use 2 x PCF8574T.  
.................... //              RW Pin is not being used.  
.................... //  
.................... // As defined in the following structure the pin connection is as follows:  
.................... //  
.................... //  PCF8574P     LCD  
.................... //  ========     ======  
.................... //     P0        RS  
.................... //     P1        RW    (Not used!)  
.................... //     P2        Enable   
.................... //     P3        Led Backlight  
.................... //     P4        D4  
.................... //     P5        D5  
.................... //     P6        D6  
.................... //     P7        D7  
.................... //  
.................... //  The SCL and SDA pins should be pull-up resistor as shown below:  
.................... //  
.................... //             +5v  
.................... //               |  
.................... //               <  
.................... //               > 4.7K         
.................... //               <           
.................... //To PIC         |          To i2c slave  
.................... //pin xx ------------------ SDA pin   
.................... //(SDA)                       
.................... //              +5v  
.................... //               |  
.................... //               <  
.................... //               > 4.7K         
.................... //               <           
.................... //To PIC         |          To i2c slave  
.................... //pin xx ------------------ SCL pin   
.................... //(SCL)  
.................... //  
.................... //To PIC                    To i2c slave  
.................... //Vss pin ----------------- Vss or ground pin   
.................... //                |  
.................... //              -----  
.................... //               ---  Ground  
.................... //                -   
.................... //   
.................... // THIS DOCUMENT IS PROVIDED TO THE USER "AS IS"  
.................... //-----------------------------------------------------------------------------  
.................... byte LCD_ADDR ;//             0x4E        //I2C slave address for LCD module  
.................... byte lcd_total_rows ;//       2           //Number of rows: 1,2,3 or 4  
.................... byte lcd_total_columns ;//    16          //Number of columns: 1...20    
....................  
.................... #define RS                    0b00000001  //P0 - PCF8574T Pin connected to RS  
.................... #define RW                    0b00000010  //P1 - PCF8574T Pin connected to RW  
.................... #define ENABLE                0b00000100  //P2 - PCF8574T Pin connected to EN  
.................... #define LCD_BACKLIGHT         0b00001000  //P3 - PCF8574T Pin connected to BACKLIGHT LED  
....................  
.................... #define addr_row_one          0x00        //LCD RAM address for row 1  
.................... #define addr_row_two          0x40        //LCD RAM address for row 2  
.................... #define addr_row_three        0x14        //LCD RAM address for row 3  
.................... #define addr_row_four         0x54        //LCD RAM address for row 4  
....................  
.................... #define ON                    1  
.................... #define OFF                   0  
.................... #define NOT                   ~  
.................... #define data_shifted          data<<4  
.................... int8 new_row_request=1, BACKLIGHT_LED=LCD_BACKLIGHT;  
....................  
.................... void lcd_backlight_led(byte bl)  
.................... {   
....................       If (bl) BACKLIGHT_LED=LCD_BACKLIGHT; else BACKLIGHT_LED=OFF;  
*
01AF:  MOVF   29,F
01B0:  BTFSC  03.2
01B1:  GOTO   1B5
01B2:  MOVLW  08
01B3:  MOVWF  25
01B4:  GOTO   1B6
01B5:  CLRF   25
.................... }  
01B6:  BCF    0A.3
01B7:  BCF    0A.4
01B8:  GOTO   2E9 (RETURN)
....................  
.................... void i2c_send_nibble(byte data, byte type)  
.................... {     
....................    switch (type)  
....................    {       
*
0082:  MOVF   3E,W
0083:  XORLW  00
0084:  BTFSC  03.2
0085:  GOTO   08A
0086:  XORLW  01
0087:  BTFSC  03.2
0088:  GOTO   0AD
0089:  GOTO   0D2
....................       case 0 :       
....................       i2c_write(data_shifted | BACKLIGHT_LED);  
008A:  SWAPF  3D,W
008B:  MOVWF  77
008C:  MOVLW  F0
008D:  ANDWF  77,F
008E:  MOVF   77,W
008F:  IORWF  25,W
0090:  MOVWF  3F
0091:  MOVWF  40
0092:  CALL   026
....................       delay_cycles(1);  
0093:  NOP
....................       i2c_write(data_shifted | ENABLE | BACKLIGHT_LED );  
0094:  SWAPF  3D,W
0095:  MOVWF  77
0096:  MOVLW  F0
0097:  ANDWF  77,F
0098:  MOVF   77,W
0099:  IORLW  04
009A:  IORWF  25,W
009B:  MOVWF  3F
009C:  MOVWF  40
009D:  CALL   026
....................       delay_us(2);  
009E:  MOVLW  03
009F:  MOVWF  77
00A0:  DECFSZ 77,F
00A1:  GOTO   0A0
....................       i2c_write(data_shifted & NOT ENABLE | BACKLIGHT_LED);  
00A2:  SWAPF  3D,W
00A3:  MOVWF  77
00A4:  MOVLW  F0
00A5:  ANDWF  77,F
00A6:  MOVF   77,W
00A7:  ANDLW  FB
00A8:  IORWF  25,W
00A9:  MOVWF  3F
00AA:  MOVWF  40
00AB:  CALL   026
....................       break;  
00AC:  GOTO   0D2
....................        
....................       case 1 :  
....................       i2c_write(data_shifted | RS | BACKLIGHT_LED);  
00AD:  SWAPF  3D,W
00AE:  MOVWF  77
00AF:  MOVLW  F0
00B0:  ANDWF  77,F
00B1:  MOVF   77,W
00B2:  IORLW  01
00B3:  IORWF  25,W
00B4:  MOVWF  3F
00B5:  MOVWF  40
00B6:  CALL   026
....................       delay_cycles(1);  
00B7:  NOP
....................       i2c_write(data_shifted | RS | ENABLE | BACKLIGHT_LED );  
00B8:  SWAPF  3D,W
00B9:  MOVWF  77
00BA:  MOVLW  F0
00BB:  ANDWF  77,F
00BC:  MOVF   77,W
00BD:  IORLW  01
00BE:  IORLW  04
00BF:  IORWF  25,W
00C0:  MOVWF  3F
00C1:  MOVWF  40
00C2:  CALL   026
....................       delay_us(2);  
00C3:  MOVLW  03
00C4:  MOVWF  77
00C5:  DECFSZ 77,F
00C6:  GOTO   0C5
....................       i2c_write(data_shifted | RS | BACKLIGHT_LED);  
00C7:  SWAPF  3D,W
00C8:  MOVWF  77
00C9:  MOVLW  F0
00CA:  ANDWF  77,F
00CB:  MOVF   77,W
00CC:  IORLW  01
00CD:  IORWF  25,W
00CE:  MOVWF  3F
00CF:  MOVWF  40
00D0:  CALL   026
....................       break;  
00D1:  GOTO   0D2
....................    }  
.................... }  
00D2:  RETURN
....................      
.................... void lcd_send_byte(byte data, byte type)  
....................    {  
....................         i2c_start();  
00D3:  BSF    20.4
00D4:  MOVF   20,W
00D5:  BSF    03.5
00D6:  MOVWF  07
00D7:  MOVLW  04
00D8:  MOVWF  77
00D9:  DECFSZ 77,F
00DA:  GOTO   0D9
00DB:  BCF    03.5
00DC:  BSF    20.3
00DD:  MOVF   20,W
00DE:  BSF    03.5
00DF:  MOVWF  07
00E0:  MOVLW  03
00E1:  MOVWF  77
00E2:  DECFSZ 77,F
00E3:  GOTO   0E2
00E4:  BCF    03.5
00E5:  BCF    07.4
00E6:  BCF    20.4
00E7:  MOVF   20,W
00E8:  BSF    03.5
00E9:  MOVWF  07
00EA:  MOVLW  04
00EB:  MOVWF  77
00EC:  DECFSZ 77,F
00ED:  GOTO   0EC
00EE:  BCF    03.5
00EF:  BCF    07.3
00F0:  BCF    20.3
00F1:  MOVF   20,W
00F2:  BSF    03.5
00F3:  MOVWF  07
....................         i2c_write(LCD_ADDR);  
00F4:  BCF    03.5
00F5:  MOVF   21,W
00F6:  MOVWF  40
00F7:  CALL   026
....................         i2c_send_nibble(data >> 4 , type);  
00F8:  SWAPF  3A,W
00F9:  MOVWF  3C
00FA:  MOVLW  0F
00FB:  ANDWF  3C,F
00FC:  MOVF   3C,W
00FD:  MOVWF  3D
00FE:  MOVF   3B,W
00FF:  MOVWF  3E
0100:  CALL   082
....................         i2c_send_nibble(data & 0xf , type);  
0101:  MOVF   3A,W
0102:  ANDLW  0F
0103:  MOVWF  3C
0104:  MOVWF  3D
0105:  MOVF   3B,W
0106:  MOVWF  3E
0107:  CALL   082
....................         i2c_stop();         
0108:  BCF    20.4
0109:  MOVF   20,W
010A:  BSF    03.5
010B:  MOVWF  07
010C:  NOP
010D:  BCF    03.5
010E:  BSF    20.3
010F:  MOVF   20,W
0110:  BSF    03.5
0111:  MOVWF  07
0112:  BCF    03.5
0113:  BTFSS  07.3
0114:  GOTO   113
0115:  MOVLW  04
0116:  MOVWF  77
0117:  DECFSZ 77,F
0118:  GOTO   117
0119:  GOTO   11A
011A:  NOP
011B:  BSF    20.4
011C:  MOVF   20,W
011D:  BSF    03.5
011E:  MOVWF  07
011F:  MOVLW  04
0120:  MOVWF  77
0121:  DECFSZ 77,F
0122:  GOTO   121
....................    }  
0123:  BCF    03.5
0124:  RETURN
....................  
.................... void lcd_clear()  
.................... {   
....................         lcd_send_byte(0x01,0);  
0125:  MOVLW  01
0126:  MOVWF  3A
0127:  CLRF   3B
0128:  CALL   0D3
....................         delay_ms(2);  
0129:  MOVLW  02
012A:  MOVWF  33
012B:  CALL   012
....................         new_row_request=1;  
012C:  MOVLW  01
012D:  MOVWF  24
.................... }  
012E:  RETURN
....................  
.................... void lcd_init(byte ADDR, byte col, byte row)  
.................... {  
....................    byte i; 
....................    byte CONST lcd_type=2;  // 0=5x7, 1=5x10, 2=2 lines  
....................    byte CONST LCD_INIT_STRING[4] = {0x20 | (lcd_type << 2), 0xc, 1, 6}; // These bytes need to be sent to the LCD to start it up. 
....................     
....................    LCD_ADDR =ADDR;//             0x4E        //I2C slave address for LCD module  
012F:  MOVF   29,W
0130:  MOVWF  21
....................    lcd_total_rows =row;//       2           //Number of rows: 1,2,3 or 4  
0131:  MOVF   2B,W
0132:  MOVWF  22
....................    lcd_total_columns= col ; 
0133:  MOVF   2A,W
0134:  MOVWF  23
....................    disable_interrupts(GLOBAL);  
0135:  BCF    0B.6
0136:  BCF    0B.7
0137:  BTFSC  0B.7
0138:  GOTO   136
....................    delay_ms(50); //LCD power up delay  
0139:  MOVLW  32
013A:  MOVWF  33
013B:  CALL   012
....................      
....................    i2c_start();  
013C:  BSF    20.4
013D:  MOVF   20,W
013E:  BSF    03.5
013F:  MOVWF  07
0140:  MOVLW  04
0141:  MOVWF  77
0142:  DECFSZ 77,F
0143:  GOTO   142
0144:  BCF    03.5
0145:  BSF    20.3
0146:  MOVF   20,W
0147:  BSF    03.5
0148:  MOVWF  07
0149:  MOVLW  03
014A:  MOVWF  77
014B:  DECFSZ 77,F
014C:  GOTO   14B
014D:  BCF    03.5
014E:  BCF    07.4
014F:  BCF    20.4
0150:  MOVF   20,W
0151:  BSF    03.5
0152:  MOVWF  07
0153:  MOVLW  04
0154:  MOVWF  77
0155:  DECFSZ 77,F
0156:  GOTO   155
0157:  BCF    03.5
0158:  BCF    07.3
0159:  BCF    20.3
015A:  MOVF   20,W
015B:  BSF    03.5
015C:  MOVWF  07
....................    i2c_write(LCD_ADDR);  
015D:  BCF    03.5
015E:  MOVF   21,W
015F:  MOVWF  40
0160:  CALL   026
....................       i2c_send_nibble(0x00,0);  
0161:  CLRF   3D
0162:  CLRF   3E
0163:  CALL   082
....................       delay_ms(15);  
0164:  MOVLW  0F
0165:  MOVWF  33
0166:  CALL   012
....................      
....................    for (i=1;i<=3;++i)     
0167:  MOVLW  01
0168:  MOVWF  2C
0169:  MOVF   2C,W
016A:  SUBLW  03
016B:  BTFSS  03.0
016C:  GOTO   176
....................    {  
....................       i2c_send_nibble(0x03,0);  
016D:  MOVLW  03
016E:  MOVWF  3D
016F:  CLRF   3E
0170:  CALL   082
....................       delay_ms(5);  
0171:  MOVLW  05
0172:  MOVWF  33
0173:  CALL   012
....................    }     
0174:  INCF   2C,F
0175:  GOTO   169
....................       i2c_send_nibble(0x02,0);  
0176:  MOVLW  02
0177:  MOVWF  3D
0178:  CLRF   3E
0179:  CALL   082
....................       delay_ms(5);  
017A:  MOVLW  05
017B:  MOVWF  33
017C:  CALL   012
....................    i2c_stop();  
017D:  BCF    20.4
017E:  MOVF   20,W
017F:  BSF    03.5
0180:  MOVWF  07
0181:  NOP
0182:  BCF    03.5
0183:  BSF    20.3
0184:  MOVF   20,W
0185:  BSF    03.5
0186:  MOVWF  07
0187:  BCF    03.5
0188:  BTFSS  07.3
0189:  GOTO   188
018A:  MOVLW  04
018B:  MOVWF  77
018C:  DECFSZ 77,F
018D:  GOTO   18C
018E:  GOTO   18F
018F:  NOP
0190:  BSF    20.4
0191:  MOVF   20,W
0192:  BSF    03.5
0193:  MOVWF  07
0194:  MOVLW  04
0195:  MOVWF  77
0196:  DECFSZ 77,F
0197:  GOTO   196
....................      
....................    for (i=0;i<=3;++i) {  
0198:  BCF    03.5
0199:  CLRF   2C
019A:  MOVF   2C,W
019B:  SUBLW  03
019C:  BTFSS  03.0
019D:  GOTO   1A9
....................    lcd_send_byte(LCD_INIT_STRING[i],0);  
019E:  MOVF   2C,W
019F:  CALL   004
01A0:  MOVWF  2D
01A1:  MOVWF  3A
01A2:  CLRF   3B
01A3:  CALL   0D3
....................    delay_ms(5);  
01A4:  MOVLW  05
01A5:  MOVWF  33
01A6:  CALL   012
....................    }  
01A7:  INCF   2C,F
01A8:  GOTO   19A
....................    lcd_clear();  //Clear Display  
01A9:  CALL   125
....................    enable_interrupts(GLOBAL);  
01AA:  MOVLW  C0
01AB:  IORWF  0B,F
.................... }  
01AC:  BCF    0A.3
01AD:  BCF    0A.4
01AE:  GOTO   2E6 (RETURN)
....................  
.................... void lcd_gotoxy( byte x, byte y)  
.................... {  
.................... byte row,column,row_addr,lcd_address;  
.................... static char data;  
*
02DE:  CLRF   26
....................  
....................    if (y>lcd_total_rows) row=lcd_total_rows; else row=y;  
*
01B9:  MOVF   34,W
01BA:  SUBWF  22,W
01BB:  BTFSC  03.0
01BC:  GOTO   1C0
01BD:  MOVF   22,W
01BE:  MOVWF  35
01BF:  GOTO   1C2
01C0:  MOVF   34,W
01C1:  MOVWF  35
....................    
....................    switch(row)  
....................    {  
01C2:  MOVF   35,W
01C3:  XORLW  01
01C4:  BTFSC  03.2
01C5:  GOTO   1D0
01C6:  XORLW  03
01C7:  BTFSC  03.2
01C8:  GOTO   1D2
01C9:  XORLW  01
01CA:  BTFSC  03.2
01CB:  GOTO   1D5
01CC:  XORLW  07
01CD:  BTFSC  03.2
01CE:  GOTO   1D8
01CF:  GOTO   1DB
....................       case 1:  row_addr=addr_row_one;     break;  
01D0:  CLRF   37
01D1:  GOTO   1DD
....................       case 2:  row_addr=addr_row_two;     break;  
01D2:  MOVLW  40
01D3:  MOVWF  37
01D4:  GOTO   1DD
....................       case 3:  row_addr=addr_row_three;   break;  
01D5:  MOVLW  14
01D6:  MOVWF  37
01D7:  GOTO   1DD
....................       case 4:  row_addr=addr_row_four;    break;  
01D8:  MOVLW  54
01D9:  MOVWF  37
01DA:  GOTO   1DD
....................       default: row_addr=addr_row_one;     break;   
01DB:  CLRF   37
01DC:  GOTO   1DD
....................    }   
....................      
....................    if (x>lcd_total_columns) column=lcd_total_columns; else column=x;   
01DD:  MOVF   33,W
01DE:  SUBWF  23,W
01DF:  BTFSC  03.0
01E0:  GOTO   1E4
01E1:  MOVF   23,W
01E2:  MOVWF  36
01E3:  GOTO   1E6
01E4:  MOVF   33,W
01E5:  MOVWF  36
....................    lcd_address=(row_addr+(column-1));  
01E6:  MOVLW  01
01E7:  SUBWF  36,W
01E8:  ADDWF  37,W
01E9:  MOVWF  38
....................    lcd_send_byte(0x80|lcd_address,0);  
01EA:  MOVF   38,W
01EB:  IORLW  80
01EC:  MOVWF  39
01ED:  MOVWF  3A
01EE:  CLRF   3B
01EF:  CALL   0D3
.................... }  
01F0:  RETURN
....................  
.................... //Display the character on LCD screen.  
.................... void LCD_PUTC(char in_data)  
.................... {     
....................   switch(in_data)  
....................    {   
01F1:  MOVF   32,W
01F2:  XORLW  0C
01F3:  BTFSC  03.2
01F4:  GOTO   1FC
01F5:  XORLW  06
01F6:  BTFSC  03.2
01F7:  GOTO   1FE
01F8:  XORLW  02
01F9:  BTFSC  03.2
01FA:  GOTO   20B
01FB:  GOTO   210
....................      case '\f': lcd_clear();                       break;                 
01FC:  CALL   125
01FD:  GOTO   216
....................        
....................      case '\n':  
....................      new_row_request++;  
01FE:  INCF   24,F
....................      if (new_row_request>lcd_total_rows) new_row_request=1;  
01FF:  MOVF   24,W
0200:  SUBWF  22,W
0201:  BTFSC  03.0
0202:  GOTO   205
0203:  MOVLW  01
0204:  MOVWF  24
....................      lcd_gotoxy(1, new_row_request);  
0205:  MOVLW  01
0206:  MOVWF  33
0207:  MOVF   24,W
0208:  MOVWF  34
0209:  CALL   1B9
....................      break;  
020A:  GOTO   216
....................                    
....................      case '\b': lcd_send_byte(0x10,0);             break;  
020B:  MOVLW  10
020C:  MOVWF  3A
020D:  CLRF   3B
020E:  CALL   0D3
020F:  GOTO   216
....................          
....................      default: lcd_send_byte(in_data,1);            break;       
0210:  MOVF   32,W
0211:  MOVWF  3A
0212:  MOVLW  01
0213:  MOVWF  3B
0214:  CALL   0D3
0215:  GOTO   216
....................        
....................    }  
.................... }  
0216:  RETURN
....................  
.................... Int16 adc; //Bien luu gia tri ADC doc duoc 
.................... void main() 
.................... { 
*
02C4:  CLRF   04
02C5:  BCF    03.7
02C6:  MOVLW  1F
02C7:  ANDWF  03,F
02C8:  MOVLW  01
02C9:  MOVWF  24
02CA:  MOVLW  08
02CB:  MOVWF  25
02CC:  BSF    03.5
02CD:  BSF    03.6
02CE:  MOVF   09,W
02CF:  ANDLW  C0
02D0:  MOVWF  09
02D1:  BCF    03.6
02D2:  BCF    1F.4
02D3:  BCF    1F.5
02D4:  MOVLW  00
02D5:  BSF    03.6
02D6:  MOVWF  08
02D7:  BCF    03.5
02D8:  CLRF   07
02D9:  CLRF   08
02DA:  CLRF   09
....................  
.................... lcd_init(0x4E,16,2);  //khoi dong lcd dia chi 0x4E 
*
02DF:  MOVLW  4E
02E0:  MOVWF  29
02E1:  MOVLW  10
02E2:  MOVWF  2A
02E3:  MOVLW  02
02E4:  MOVWF  2B
02E5:  GOTO   12F
.................... lcd_backlight_led(ON); //bat led nen lcd 
02E6:  MOVLW  01
02E7:  MOVWF  29
02E8:  GOTO   1AF
.................... setup_adc(adc_clock_internal); //Thoi gian lay mau bang xung clock IC 
02E9:  BSF    1F.6
02EA:  BSF    1F.7
02EB:  BSF    03.5
02EC:  BSF    1F.7
02ED:  BCF    03.5
02EE:  BSF    1F.0
.................... Set_ADC_channel (3); //Chon chan A3 doc gia tri 
02EF:  MOVLW  0C
02F0:  MOVWF  78
02F1:  MOVF   1F,W
02F2:  ANDLW  C3
02F3:  IORWF  78,W
02F4:  MOVWF  1F
.................... Delay_us(10); //Delay 10us thi moi su dung duoc ham read_ADC 
02F5:  MOVLW  10
02F6:  MOVWF  77
02F7:  DECFSZ 77,F
02F8:  GOTO   2F7
02F9:  NOP
....................  
.................... while(true) 
.................... { 
.................... adc = read_adc(); //Doc gia tri ADC và gan vao bien ADC 
02FA:  BSF    1F.1
02FB:  BTFSC  1F.1
02FC:  GOTO   2FB
02FD:  BSF    03.5
02FE:  MOVF   1E,W
02FF:  BCF    03.5
0300:  MOVWF  27
0301:  MOVF   1E,W
0302:  MOVWF  28
.................... lcd_gotoxy(1, 1); 
0303:  MOVLW  01
0304:  MOVWF  33
0305:  MOVWF  34
0306:  CALL   1B9
.................... delay_ms(100); 
0307:  MOVLW  64
0308:  MOVWF  33
0309:  CALL   012
.................... printf(lcd_putc,"VALUE ADC:"); 
030A:  MOVLW  0C
030B:  BSF    03.6
030C:  MOVWF  0D
030D:  MOVLW  00
030E:  MOVWF  0F
030F:  BCF    03.6
0310:  GOTO   217
.................... lcd_gotoxy(1, 2); 
0311:  MOVLW  01
0312:  MOVWF  33
0313:  MOVLW  02
0314:  MOVWF  34
0315:  CALL   1B9
.................... printf(lcd_putc,"%04Lu " , adc ); 
0316:  MOVLW  09
0317:  MOVWF  04
0318:  MOVF   28,W
0319:  MOVWF  2A
031A:  MOVF   27,W
031B:  MOVWF  29
031C:  GOTO   25F
031D:  MOVLW  20
031E:  MOVWF  32
031F:  CALL   1F1
.................... delay_ms(100); 
0320:  MOVLW  64
0321:  MOVWF  33
0322:  CALL   012
.................... } } 
0323:  GOTO   2FA
0324:  SLEEP

Configuration Fuses:
   Word  1: 2FE2   HS NOWDT PUT MCLR NOPROTECT NOCPD BROWNOUT IESO FCMEN NOLVP NODEBUG
   Word  2: 3FFF   NOWRT BORV40
